<html>
<body>
<pre>
<h1>µVision Build Log</h1>
<h2>Project:</h2>
D:\desn2kLabs\lab3\string_toupper_c\string_toupper_c.uvproj
Project File Date:  05/31/2021

<h2>Output:</h2>
Build target 'QVGA Base Board'
assembling LPC2400.s...
assembling char_toupper.s...
compiling main.c...
src\main.c(16): warning:  #111-D: statement is unreachable
linking...
Program Size: Code=1236 RO-data=16 RW-data=0 ZI-data=1384  
".\output\string_toupper_c.axf" - 0 Error(s), 1 Warning(s).
Load "D:\\desn2kLabs\\lab3\\string_toupper_c\\output\\string_toupper_c.AXF" 
Internal DLL Error
Build target 'QVGA Base Board'
linking...
Program Size: Code=1236 RO-data=16 RW-data=0 ZI-data=1384  
".\output\string_toupper_c.axf" - 0 Error(s), 0 Warning(s).
Load "D:\\desn2kLabs\\lab3\\string_toupper_c\\output\\string_toupper_c.AXF" 
Erase Done.
Programming Done.
Verify OK.
Application running ...
Build target 'QVGA Base Board'
linking...
Program Size: Code=1236 RO-data=16 RW-data=0 ZI-data=1384  
".\output\string_toupper_c.axf" - 0 Error(s), 0 Warning(s).
Load "D:\\desn2kLabs\\lab3\\string_toupper_c\\output\\string_toupper_c.AXF" 
Erase Done.
Programming Done.
Verify OK.
Application running ...
