<html>
<body>
<pre>
<h1>µVision Build Log</h1>
<h2>Project:</h2>
D:\desn2kLabs\lab3\char_toupper\char_toupper.uvproj
Project File Date:  05/31/2021

<h2>Output:</h2>
Build target 'QVGA Base Board'
assembling LPC2400.s...
compiling startup.c...
assembling char_toupper.s...
linking...
Program Size: Code=1040 RO-data=16 RW-data=0 ZI-data=1384  
".\output\char_toupper.axf" - 0 Error(s), 0 Warning(s).
Load "D:\\desn2kLabs\\lab3\\char_toupper\\output\\char_toupper.AXF" 
Erase Done.
Programming Done.
Verify OK.
Application running ...
Build target 'QVGA Base Board'
assembling char_toupper.s...
src\char_toupper.s(7): error: A1517E: Unexpected operator equal to or equivalent to =
Target not created
Load "D:\\desn2kLabs\\lab3\\char_toupper\\output\\char_toupper.AXF" 
_____^
*** error 56: cannot open file
Build target 'QVGA Base Board'
assembling char_toupper.s...
src\char_toupper.s(7): error: A1517E: Unexpected operator equal to or equivalent to =
Target not created
Load "D:\\desn2kLabs\\lab3\\char_toupper\\output\\char_toupper.AXF" 
_____^
*** error 56: cannot open file
Build target 'QVGA Base Board'
assembling char_toupper.s...
src\char_toupper.s(7): error: A1517E: Unexpected operator equal to or equivalent to =
Target not created
Load "D:\\desn2kLabs\\lab3\\char_toupper\\output\\char_toupper.AXF" 
_____^
*** error 56: cannot open file
Build target 'QVGA Base Board'
assembling char_toupper.s...
src\char_toupper.s(7): error: A1517E: Unexpected operator equal to or equivalent to =
Target not created
Build target 'QVGA Base Board'
assembling char_toupper.s...
src\char_toupper.s(7): error: A1517E: Unexpected operator equal to or equivalent to =
Target not created
