<html>
<body>
<pre>
<h1>µVision Build Log</h1>
<h2>Project:</h2>
\\Client\C$\Users\alexj\Documents\Code\desn2k\desn2kLabs\lab6\lcd_basics\lcd_basics.uvproj
Project File Date:  06/29/2026

<h2>Output:</h2>
Build target 'QVGA Base Board'
compiling main.c...
src\main.c(26): error:  #140: too many arguments in function call
src\main.c(27): error:  #165: too few arguments in function call
compiling delay.c...
assembling LPC2400.s...
compiling font5x7.c...
compiling lcd_grph.c...
compiling lcd_hw.c...
compiling sdram.c...
Target not created
Build target 'QVGA Base Board'
compiling main.c...
linking...
Program Size: Code=9868 RO-data=808 RW-data=24 ZI-data=616  
".\output\lcd_basics.axf" - 0 Error(s), 0 Warning(s).
