<html>
<body>
<pre>
<h1>µVision Build Log</h1>
<h2>Project:</h2>
D:\desn2kLabs\lab3\max_of_6\max_of_6.uvproj
Project File Date:  05/31/2021

<h2>Output:</h2>
Build target 'QVGA Base Board'
assembling LPC2400.s...
assembling max_of_6.s...
compiling main.c...
linking...
Program Size: Code=1140 RO-data=16 RW-data=0 ZI-data=1384  
".\output\max_of_6.axf" - 0 Error(s), 0 Warning(s).
Load "D:\\desn2kLabs\\lab3\\max_of_6\\output\\max_of_6.AXF" 
Erase Done.
Programming Done.
Verify OK.
Application running ...
