<html>
<body>
<pre>
<h1>µVision Build Log</h1>
<h2>Project:</h2>
D:\desn2kLabs\lab2\string_to_int\string_to_int.uvproj
Project File Date:  05/31/2021

<h2>Output:</h2>
Build target 'QVGA Base Board'
assembling LPC2400.s...
compiling startup.c...
assembling string_to_int.s...
linking...
Program Size: Code=1124 RO-data=32 RW-data=8 ZI-data=1384  
".\output\string_to_int.axf" - 0 Error(s), 0 Warning(s).
Load "D:\\desn2kLabs\\lab2\\string_to_int\\output\\string_to_int.AXF" 
Internal DLL Error
Build target 'QVGA Base Board'
linking...
Program Size: Code=1124 RO-data=32 RW-data=8 ZI-data=1384  
".\output\string_to_int.axf" - 0 Error(s), 0 Warning(s).
Load "D:\\desn2kLabs\\lab2\\string_to_int\\output\\string_to_int.AXF" 
Erase Done.
Programming Done.
Verify OK.
Application running ...
Build target 'QVGA Base Board'
assembling string_to_int.s...
linking...
Program Size: Code=1128 RO-data=32 RW-data=8 ZI-data=1384  
".\output\string_to_int.axf" - 0 Error(s), 0 Warning(s).
Load "D:\\desn2kLabs\\lab2\\string_to_int\\output\\string_to_int.AXF" 
Erase Done.
Programming Done.
Verify OK.
Application running ...
